
CHECK: Behavior tests
..............................................
----------------------------------------------------------------------
Ran 46 tests in 6.399s

OK
Completed in 7.00 seconds

CHECK: Decision tests
............
----------------------------------------------------------------------
Ran 12 tests in 0.582s

OK
Completed in 1.29 seconds

CHECK: Stage 1 evidence and Word agreement
RESULT: all 8169 consistency checks passed.
Completed in 2.86 seconds

CHECK: Stage 2 saved decisions and block arithmetic
RESULT: 63809 phase-two checks passed.
Completed in 34.17 seconds

CHECK: Supplementary decision accounting
RESULT: 10902 independent supplementary checks passed.
Completed in 2.74 seconds

CHECK: Independent formula reconstruction
RESULT: 8220 independent formula checks passed.
Completed in 1.09 seconds

QUICK CHECK PASSED: 137 links and 242 Stage 2 Word items; 49.59 seconds.
Published sources/results/reports preserved. No full research-model replay or PDF layout check was performed.
