
CHECK: Behavior tests
..........................................
----------------------------------------------------------------------
Ran 42 tests in 6.587s

OK
Completed in 7.20 seconds

CHECK: Decision tests
............
----------------------------------------------------------------------
Ran 12 tests in 0.373s

OK
Completed in 1.13 seconds

CHECK: Stage 1 evidence and Word agreement
RESULT: all 8169 consistency checks passed.
Completed in 2.90 seconds

CHECK: Stage 2 saved decisions and block arithmetic
RESULT: 63809 phase-two checks passed.
Completed in 35.89 seconds

CHECK: Supplementary decision accounting
RESULT: 10902 independent supplementary checks passed.
Completed in 2.95 seconds

CHECK: Independent formula reconstruction
RESULT: 8220 independent formula checks passed.
Completed in 1.22 seconds

QUICK CHECK PASSED: 137 links and 242 Stage 2 Word items; 51.83 seconds.
Published sources/results/reports preserved. No full research-model replay or PDF layout check was performed.
